DEBUG:mysql.connector.connection:new_auth_plugin: caching_sha2_password
INFO:root:connected to database
DEBUG:mysql.connector.connection:new_auth_plugin: caching_sha2_password
INFO:root:connected to database
2021-01-08 20:10:35,376:DEBUG:new_auth_plugin: caching_sha2_password
2021-01-08 20:10:35,377:INFO:connected to database
